// Jest Snapshot v1, https://goo.gl/fbAQLP

exports[`AddClassPage Renders the page 1`] = `
<div
  className="add-class-container"
>
  <div
    className="main-container"
  >
    <h2
      className="heading"
    >
      Add Class
    </h2>
    <form
      className="add-class-form"
      onSubmit={[Function]}
    >
      <div
        className="inputWrapper"
      >
        <label
          htmlFor="title"
        >
          <input
            className="add-class-title"
            id="title"
            name="course[title]"
            onChange={[Function]}
            placeholder="Title"
            type="text"
            value=""
          />
        </label>
      </div>
      <div
        className="inputWrapper"
      >
        <label
          htmlFor="description"
        >
          <input
            className="class-description"
            id="description"
            name="course[description]"
            onChange={[Function]}
            placeholder="Description"
            type="text"
            value=""
          />
        </label>
      </div>
      <div
        className="inputWrapper"
      >
        <label
          htmlFor="duration"
        >
          <input
            className="class-duration"
            id="duration"
            name="course[duration]"
            onChange={[Function]}
            placeholder="Duration"
            type="number"
            value=""
          />
        </label>
      </div>
      <div
        className="inputWrapper"
      >
        <label
          htmlFor="instructor"
        >
          <input
            className="class-instructor"
            id="instructor"
            name="course[instructor]"
            onChange={[Function]}
            placeholder="Instructor"
            type="text"
            value=""
          />
        </label>
      </div>
      <div
        className="upload-box inputWrapper"
      >
        <span
          className="instruction"
        >
          Upload Instructor Image
        </span>
        <input
          accept="image/png, image/jpeg"
          className="instructor-image"
          id="image"
          name="course[image]"
          onChange={[Function]}
          placeholder="Add image"
          type="file"
        />
      </div>
      <div>
        <input
          className="class-submit"
          type="submit"
          value="Upload"
        />
      </div>
    </form>
  </div>
</div>
`;
