// Jest Snapshot v1, https://goo.gl/fbAQLP

exports[`ReservePage Renders the page 1`] = `
<div
  className="formContainer"
  onClickCapture={[Function]}
>
  <h1
    className="title"
  >
    Register for an Expert Class
  </h1>
  <p
    className="para"
  >
    Register for an expert class with are world-reknown experts. We have classes for different topics, ranging from breakdancing to sculpting. Sign up today!
  </p>
  <form
    className="form"
    onSubmit={[Function]}
  >
    <div
      className="inputWrapper"
    >
      <div
        className="ddWrapper"
        id="course_id"
      >
        <div
          className="ddHeader"
          onClick={[Function]}
          onKeyPress={[Function]}
          role="button"
          tabIndex={0}
        >
          <div
            className="ddHeader_title"
          >
            <p
              className="ddHeader_title__bold"
            >
              Choose a Course
            </p>
          </div>
          <div
            className="ddHeader_icon"
          >
            <p>
              <i
                className="far fa-caret-square-down"
              />
            </p>
          </div>
        </div>
      </div>
    </div>
    <div
      className="inputWrapper"
    >
      <div
        className="ddWrapper"
        id="city_id"
      >
        <div
          className="ddHeader"
          onClick={[Function]}
          onKeyPress={[Function]}
          role="button"
          tabIndex={0}
        >
          <div
            className="ddHeader_title"
          >
            <p
              className="ddHeader_title__bold"
            >
              Choose a City
            </p>
          </div>
          <div
            className="ddHeader_icon"
          >
            <p>
              <i
                className="far fa-caret-square-down"
              />
            </p>
          </div>
        </div>
      </div>
    </div>
    <div
      className="inputWrapper"
    >
      <input
        id="datePicker"
        onChange={[Function]}
        type="date"
      />
    </div>
    <input
      className="submitBtn"
      type="submit"
      value="Register"
    />
  </form>
</div>
`;
